Time of the model: 2.3539962768554688
Time of the transfer: 40.57889413833618
Time of the indexing: 7.0931618213653564
T_indexing = 55.185171604156494
top-1 accuracy :  [0.76303791]
top-5 accuracy :  [0.90730331]
top-1 accuracy proj :  [0.93357692]
top-5 accuracy proj :  [0.95870547]
top-1 accuracy sim :  [0.93506548]
top-5 accuracy sim :  [0.95984011]
maj accuracy class :  [0.77449878]
maj accuracy proj :  [0.93528408]
maj accuracy sim :  [0.9373868]
f1 score :  0.7630379114358878
t_tot: 399.0005352497101
t_model: 302.99252700805664
t_transfer: 2.3564810752868652
t_search: 84.30426239967346
Proportions are: [[0.76303791]
